should match kubeconfig:
  1: |
    apiVersion: kustomize.toolkit.fluxcd.io/v1
    kind: Kustomization
    metadata:
      labels:
        app.kubernetes.io/instance: NAMESPACE
        app.kubernetes.io/managed-by: Helm
        app.kubernetes.io/part-of: flux
        helm.sh/chart: flux2-sync-1.10.0
      name: RELEASE-NAME
      namespace: NAMESPACE
    spec:
      interval: 10m
      kubeConfig:
        secretRef:
          key: kubeconfig
          name: test
      path: ./claims
      prune: true
      sourceRef:
        kind: GitRepository
        name: RELEASE-NAME
