should match snapshot of default values:
  1: |
    apiVersion: v1
    data:
      testkey: dGVzdHZhbHVl
      testkey2: dGVzdHZhbHVlMg==
    kind: Secret
    metadata:
      labels:
        app.kubernetes.io/instance: NAMESPACE
        app.kubernetes.io/managed-by: Helm
        app.kubernetes.io/part-of: flux
        helm.sh/chart: flux2-sync-1.0.0
      name: RELEASE-NAME
      namespace: NAMESPACE
    type: Opaque
