should match snapshot of default values:
  1: |
    apiVersion: apps/v1
    kind: Deployment
    metadata:
      labels:
        app.kubernetes.io/instance: NAMESPACE
        app.kubernetes.io/managed-by: Helm
        app.kubernetes.io/part-of: flux
        app.kubernetes.io/version: 0.31.3
        control-plane: controller
        helm.sh/chart: flux2-1.0.0
      name: image-automation-controller
    spec:
      replicas: 1
      selector:
        matchLabels:
          app: image-automation-controller
      template:
        metadata:
          annotations:
            prometheus.io/port: "8080"
            prometheus.io/scrape: "true"
          labels:
            app: image-automation-controller
        spec:
          containers:
          - args:
            - --events-addr=http://notification-controller/
            - --watch-all-namespaces=true
            - --log-level=info
            - --log-encoding=json
            - --enable-leader-election
            env:
            - name: RUNTIME_NAMESPACE
              valueFrom:
                fieldRef:
                  fieldPath: metadata.namespace
            image: ghcr.io/fluxcd/image-automation-controller:v0.23.4
            imagePullPolicy: IfNotPresent
            livenessProbe:
              httpGet:
                path: /healthz
                port: healthz
            name: manager
            ports:
            - containerPort: 8080
              name: http-prom
            - containerPort: 9440
              name: healthz
              protocol: TCP
            readinessProbe:
              httpGet:
                path: /readyz
                port: healthz
            resources:
              limits: {}
              requests:
                cpu: 100m
                memory: 64Mi
            securityContext:
              allowPrivilegeEscalation: false
              capabilities:
                drop:
                - ALL
              readOnlyRootFilesystem: true
              runAsNonRoot: true
              seccompProfile:
                type: RuntimeDefault
            volumeMounts:
            - mountPath: /tmp
              name: temp
          securityContext:
            fsGroup: 1337
          serviceAccountName: image-automation-controller
          terminationGracePeriodSeconds: 10
          volumes:
          - emptyDir: {}
            name: temp
