should match snapshot of default values:
  1: |
    apiVersion: v1
    data:
      testkey: dGVzdHZhbHVl
    kind: Secret
    metadata:
      labels:
        app.kubernetes.io/instance: NAMESPACE
        app.kubernetes.io/managed-by: Helm
        app.kubernetes.io/part-of: flux
        app.kubernetes.io/version: 0.31.3
        helm.sh/chart: flux2-1.0.0
      name: test1
      namespace: NAMESPACE
    type: Opaque
