should match snapshot of default values:
  1: |
    apiVersion: batch/v1
    kind: Job
    metadata:
      annotations:
        helm.sh/hook: pre-install
        helm.sh/hook-delete-policy: before-hook-creation,hook-succeeded
        helm.sh/hook-weight: "-5"
      labels:
        app.kubernetes.io/instance: NAMESPACE
        app.kubernetes.io/managed-by: Helm
        app.kubernetes.io/part-of: flux
        app.kubernetes.io/version: 0.37.0
        helm.sh/chart: flux2-2.5.1
      name: RELEASE-NAME-flux-check
    spec:
      backoffLimit: 1
      template:
        metadata:
          labels:
            app.kubernetes.io/instance: NAMESPACE
            app.kubernetes.io/managed-by: Helm
            app.kubernetes.io/part-of: flux
            app.kubernetes.io/version: 0.37.0
            helm.sh/chart: flux2-2.5.1
          name: RELEASE-NAME
        spec:
          automountServiceAccountToken: true
          containers:
          - command:
            - /usr/local/bin/flux
            - check
            - --pre
            - --namespace
            - NAMESPACE
            image: ghcr.io/fluxcd/flux-cli:v0.37.0
            name: flux-cli
            securityContext:
              allowPrivilegeEscalation: false
              capabilities:
                drop:
                - ALL
              readOnlyRootFilesystem: true
              runAsNonRoot: true
              seccompProfile:
                type: RuntimeDefault
          restartPolicy: Never
          serviceAccountName: RELEASE-NAME-flux-check
